// Jest Snapshot v1, https://goo.gl/fbAQLP

exports[`matches snapshot 1`] = `
<DocumentFragment>
  <li>
     test this component 
  </li>
  <button>
     ‚ùå 
  </button>
</DocumentFragment>
`;
